// Jest Snapshot v1, https://goo.gl/fbAQLP

exports[`NotFound about render compare with snapshot 1`] = `
ShallowWrapper {
  Symbol(enzyme.__root__): [Circular],
  Symbol(enzyme.__unrendered__): <NotFound />,
  Symbol(enzyme.__renderer__): Object {
    "batchedUpdates": [Function],
    "checkPropTypes": [Function],
    "getNode": [Function],
    "render": [Function],
    "simulateError": [Function],
    "simulateEvent": [Function],
    "unmount": [Function],
  },
  Symbol(enzyme.__node__): Object {
    "instance": null,
    "key": undefined,
    "nodeType": "host",
    "props": Object {
      "children": Array [
        <h1>
          존재하지 않는 페이지 입니다.
        </h1>,
        <h2>
          404 Not Found
        </h2>,
        <Link
          to="/"
        >
          메인 페이지로
        </Link>,
      ],
      "className": "NotFound",
    },
    "ref": null,
    "rendered": Array [
      Object {
        "instance": null,
        "key": undefined,
        "nodeType": "host",
        "props": Object {
          "children": "존재하지 않는 페이지 입니다.",
        },
        "ref": null,
        "rendered": "존재하지 않는 페이지 입니다.",
        "type": "h1",
      },
      Object {
        "instance": null,
        "key": undefined,
        "nodeType": "host",
        "props": Object {
          "children": "404 Not Found",
        },
        "ref": null,
        "rendered": "404 Not Found",
        "type": "h2",
      },
      Object {
        "instance": null,
        "key": undefined,
        "nodeType": "class",
        "props": Object {
          "children": "메인 페이지로",
          "to": "/",
        },
        "ref": null,
        "rendered": "메인 페이지로",
        "type": [Function],
      },
    ],
    "type": "div",
  },
  Symbol(enzyme.__nodes__): Array [
    Object {
      "instance": null,
      "key": undefined,
      "nodeType": "host",
      "props": Object {
        "children": Array [
          <h1>
            존재하지 않는 페이지 입니다.
          </h1>,
          <h2>
            404 Not Found
          </h2>,
          <Link
            to="/"
          >
            메인 페이지로
          </Link>,
        ],
        "className": "NotFound",
      },
      "ref": null,
      "rendered": Array [
        Object {
          "instance": null,
          "key": undefined,
          "nodeType": "host",
          "props": Object {
            "children": "존재하지 않는 페이지 입니다.",
          },
          "ref": null,
          "rendered": "존재하지 않는 페이지 입니다.",
          "type": "h1",
        },
        Object {
          "instance": null,
          "key": undefined,
          "nodeType": "host",
          "props": Object {
            "children": "404 Not Found",
          },
          "ref": null,
          "rendered": "404 Not Found",
          "type": "h2",
        },
        Object {
          "instance": null,
          "key": undefined,
          "nodeType": "class",
          "props": Object {
            "children": "메인 페이지로",
            "to": "/",
          },
          "ref": null,
          "rendered": "메인 페이지로",
          "type": [Function],
        },
      ],
      "type": "div",
    },
  ],
  Symbol(enzyme.__options__): Object {
    "adapter": ReactSixteenAdapter {
      "options": Object {
        "enableComponentDidUpdateOnSetState": true,
        "legacyContextMode": "parent",
        "lifecycles": Object {
          "componentDidUpdate": Object {
            "onSetState": true,
          },
          "getChildContext": Object {
            "calledByRenderer": false,
          },
          "getDerivedStateFromError": true,
          "getDerivedStateFromProps": Object {
            "hasShouldComponentUpdateBug": false,
          },
          "getSnapshotBeforeUpdate": true,
          "setState": Object {
            "skipsComponentDidUpdateOnNullish": true,
          },
        },
      },
    },
  },
}
`;
