// Jest Snapshot v1, https://goo.gl/fbAQLP

exports[`Header about render compare with snapshot 1`] = `
ShallowWrapper {
  Symbol(enzyme.__root__): [Circular],
  Symbol(enzyme.__unrendered__): <Header />,
  Symbol(enzyme.__renderer__): Object {
    "batchedUpdates": [Function],
    "checkPropTypes": [Function],
    "getNode": [Function],
    "render": [Function],
    "simulateError": [Function],
    "simulateEvent": [Function],
    "unmount": [Function],
  },
  Symbol(enzyme.__node__): Object {
    "instance": null,
    "key": undefined,
    "nodeType": "host",
    "props": Object {
      "children": Array [
        <div
          className="Header__title"
        >
          <h1>
            Santa Toeic
          </h1>
          <span>
            (...Loading)
          </span>
        </div>,
        <button
          className="Header__utility-btn "
          disabled={true}
          onClick={[Function]}
        >
          채점하기
        </button>,
      ],
      "className": "Header",
    },
    "ref": null,
    "rendered": Array [
      Object {
        "instance": null,
        "key": undefined,
        "nodeType": "host",
        "props": Object {
          "children": Array [
            <h1>
              Santa Toeic
            </h1>,
            <span>
              (...Loading)
            </span>,
          ],
          "className": "Header__title",
        },
        "ref": null,
        "rendered": Array [
          Object {
            "instance": null,
            "key": undefined,
            "nodeType": "host",
            "props": Object {
              "children": "Santa Toeic",
              "onClick": undefined,
            },
            "ref": null,
            "rendered": "Santa Toeic",
            "type": "h1",
          },
          Object {
            "instance": null,
            "key": undefined,
            "nodeType": "host",
            "props": Object {
              "children": "(...Loading)",
            },
            "ref": null,
            "rendered": "(...Loading)",
            "type": "span",
          },
        ],
        "type": "div",
      },
      Object {
        "instance": null,
        "key": undefined,
        "nodeType": "host",
        "props": Object {
          "children": "채점하기",
          "className": "Header__utility-btn ",
          "disabled": true,
          "onClick": [Function],
        },
        "ref": null,
        "rendered": "채점하기",
        "type": "button",
      },
    ],
    "type": "div",
  },
  Symbol(enzyme.__nodes__): Array [
    Object {
      "instance": null,
      "key": undefined,
      "nodeType": "host",
      "props": Object {
        "children": Array [
          <div
            className="Header__title"
          >
            <h1>
              Santa Toeic
            </h1>
            <span>
              (...Loading)
            </span>
          </div>,
          <button
            className="Header__utility-btn "
            disabled={true}
            onClick={[Function]}
          >
            채점하기
          </button>,
        ],
        "className": "Header",
      },
      "ref": null,
      "rendered": Array [
        Object {
          "instance": null,
          "key": undefined,
          "nodeType": "host",
          "props": Object {
            "children": Array [
              <h1>
                Santa Toeic
              </h1>,
              <span>
                (...Loading)
              </span>,
            ],
            "className": "Header__title",
          },
          "ref": null,
          "rendered": Array [
            Object {
              "instance": null,
              "key": undefined,
              "nodeType": "host",
              "props": Object {
                "children": "Santa Toeic",
                "onClick": undefined,
              },
              "ref": null,
              "rendered": "Santa Toeic",
              "type": "h1",
            },
            Object {
              "instance": null,
              "key": undefined,
              "nodeType": "host",
              "props": Object {
                "children": "(...Loading)",
              },
              "ref": null,
              "rendered": "(...Loading)",
              "type": "span",
            },
          ],
          "type": "div",
        },
        Object {
          "instance": null,
          "key": undefined,
          "nodeType": "host",
          "props": Object {
            "children": "채점하기",
            "className": "Header__utility-btn ",
            "disabled": true,
            "onClick": [Function],
          },
          "ref": null,
          "rendered": "채점하기",
          "type": "button",
        },
      ],
      "type": "div",
    },
  ],
  Symbol(enzyme.__options__): Object {
    "adapter": ReactSixteenAdapter {
      "options": Object {
        "enableComponentDidUpdateOnSetState": true,
        "legacyContextMode": "parent",
        "lifecycles": Object {
          "componentDidUpdate": Object {
            "onSetState": true,
          },
          "getChildContext": Object {
            "calledByRenderer": false,
          },
          "getDerivedStateFromError": true,
          "getDerivedStateFromProps": Object {
            "hasShouldComponentUpdateBug": false,
          },
          "getSnapshotBeforeUpdate": true,
          "setState": Object {
            "skipsComponentDidUpdateOnNullish": true,
          },
        },
      },
    },
  },
}
`;
